
> web-factory-svelte@0.0.1 dev
> vite dev

8:19:34 AM [vite] (client) Forced re-optimization of dependencies

  VITE v6.4.1  ready in 1140 ms

  ➜  Local:   http://localhost:5173/
  ➜  Network: use --host to expose
8:20:09 AM [vite-plugin-svelte] src/lib/components/icon-forge/ConfigEditor.svelte:59:6 A form label must be associated with a control
https://svelte.dev/e/a11y_label_has_associated_control
8:20:09 AM [vite-plugin-svelte] src/lib/components/icon-forge/ConfigEditor.svelte:118:6 A form label must be associated with a control
https://svelte.dev/e/a11y_label_has_associated_control
8:20:09 AM [vite-plugin-svelte] src/lib/components/icon-forge/ConfigEditor.svelte:137:6 A form label must be associated with a control
https://svelte.dev/e/a11y_label_has_associated_control

[1;31m[404] GET /_vercel/insights/script.js[0m
8:20:12 AM [vite-plugin-svelte] src/lib/components/icon-forge/ConfigEditor.svelte:59:6 A form label must be associated with a control
https://svelte.dev/e/a11y_label_has_associated_control
8:20:12 AM [vite-plugin-svelte] src/lib/components/icon-forge/ConfigEditor.svelte:118:6 A form label must be associated with a control
https://svelte.dev/e/a11y_label_has_associated_control
8:20:12 AM [vite-plugin-svelte] src/lib/components/icon-forge/ConfigEditor.svelte:137:6 A form label must be associated with a control
https://svelte.dev/e/a11y_label_has_associated_control
8:20:28 AM [vite] (client) hmr update /src/lib/components/icon-forge/UploadZone.svelte, /src/app.css
8:20:28 AM [vite] (ssr) page reload src/lib/components/icon-forge/UploadZone.svelte

[1;31m[404] GET /_vercel/insights/script.js[0m

[1;31m[404] GET /_vercel/insights/script.js[0m

[1;31m[404] GET /_vercel/insights/script.js[0m

[1;31m[404] GET /_vercel/insights/script.js[0m
8:23:46 AM [vite] (client) hmr update /src/lib/components/icon-forge/UploadZone.svelte, /src/app.css
8:23:46 AM [vite] (ssr) page reload src/lib/components/icon-forge/UploadZone.svelte
